// Jest Snapshot v1, https://goo.gl/fbAQLP

exports[`<SectionContainer /> should render 1`] = `
<div>
  <div
    class="sc-bcXHqe xjnZG"
  >
    <h1>
      Children
    </h1>
  </div>
</div>
`;
