// Jest Snapshot v1, https://goo.gl/fbAQLP

exports[`<LogoLink /> should match snapshot 1`] = `
<div>
  <h1
    class="sc-gswNZR dQvela"
  >
    <a
      class="sc-bcXHqe gqzHWV"
      href="#target"
    >
      <img
        alt="Hello"
        src="image.jpg"
      />
    </a>
  </h1>
</div>
`;
